// Jest Snapshot v1, https://goo.gl/fbAQLP

exports[`Output Formatter formatAsText should handle files without extensions correctly in text output (as UNKNOWN) 1`] = `
"[yellow]找到 1 个未使用的文件:
[/yellow][cyan]UNKNOWN 文件 (1):
[/cyan]  [white]some_file_no_ext[/white]
"
`;

exports[`Output Formatter formatAsText should return correct text format for multiple unused files using snapshot 1`] = `
"[yellow]找到 6 个未使用的文件:
[/yellow][cyan]WXML 文件 (1):
[/cyan]  [white]src/components/button.wxml[/white]
[cyan]WXSS 文件 (1):
[/cyan]  [white]src/components/button.wxss[/white]
[cyan]JS 文件 (1):
[/cyan]  [white]src/pages/index/index.js[/white]
[cyan]TS 文件 (1):
[/cyan]  [white]src/utils/unused.ts[/white]
[cyan]PNG 文件 (1):
[/cyan]  [white]assets/logo.png[/white]
[cyan]UNKNOWN 文件 (1):
[/cyan]  [white]no_extension_file[/white]
"
`;
